96 tokens, 380.8 ms/token, 54315 samples, digest a99aba9af10336eb
-- leaf (where the main thread is) --
 220.22 ms   57.8%  models/flashnext/expert_cache.py:740 _keep_gpu_warm_until
 108.78 ms   28.6%  models/flashnext/adaptive_topk.py:98 _moe_call
  16.41 ms    4.3%  models/flashnext/expert_cache.py:679 _keepwarm_spin
  13.75 ms    3.6%  models/flashnext/expert_cache.py:1588 __call__
   6.16 ms    1.6%  models/flashnext/store.py:77 _profiled_pread
   5.86 ms    1.5%  macqwen/backends/flashnext.py:708 standard_tokens
   3.41 ms    0.9%  models/flashnext/adaptive_topk.py:109 _moe_call
   1.18 ms    0.3%  models/flashnext/adaptive_topk.py:127 _moe_call
   1.09 ms    0.3%  models/flashnext/store.py:330 pin_rows
   0.60 ms    0.2%  models/flashnext/ngram.py:164 _direct_rows
   0.22 ms    0.1%  models/flashnext/adaptive_topk.py:131 _moe_call
   0.20 ms    0.1%  mlx_vlm/models/qwen3_5/language.py:1096 _causal_conv1d_decode
   0.19 ms    0.1%  models/flashnext/adaptive_topk.py:61 _moe_call
   0.17 ms    0.0%  models/flashnext/patch_rmsnorm.py:116 _rms_norm
   0.17 ms    0.0%  mlx_vlm/models/qwen4_exp/language.py:444 __call__
   0.16 ms    0.0%  models/flashnext/adaptive_topk.py:63 _moe_call
   0.14 ms    0.0%  models/flashnext/ngram.py:64 __call__
   0.12 ms    0.0%  mlx_vlm/models/qwen3_5/gated_delta.py:196 gated_delta_kernel
   0.10 ms    0.0%  models/flashnext/metal_runtime.py:595 _kernel
   0.09 ms    0.0%  mlx_vlm/models/base.py:305 scaled_dot_product_attention
   0.09 ms    0.0%  models/flashnext/metal_runtime.py:347 <lambda>
   0.08 ms    0.0%  mlx_vlm/models/qwen4_exp/language.py:270 _normalize_qk
   0.08 ms    0.0%  mlx_vlm/models/qwen4_exp/language.py:448 __call__
   0.07 ms    0.0%  models/flashnext/compile_glue.py:55 _decoder_call
   0.06 ms    0.0%  mlx_vlm/models/rope_utils.py:1269 apply_rotary
   0.06 ms    0.0%  mlx_vlm/models/qwen4_exp/language.py:451 __call__
   0.06 ms    0.0%  models/flashnext/metal_runtime.py:611 _launch
   0.05 ms    0.0%  models/flashnext/patch_rmsnorm.py:102 _rms_norm
   0.05 ms    0.0%  models/flashnext/adaptive_topk.py:67 _moe_call
   0.05 ms    0.0%  mlx_vlm/models/qwen3_5/gated_delta.py:400 gated_delta_update
   0.04 ms    0.0%  models/flashnext/adaptive_topk.py:76 _moe_call
   0.04 ms    0.0%  models/flashnext/compile_glue.py:52 _decoder_call
   0.04 ms    0.0%  models/flashnext/compiled.py:213 installed
   0.04 ms    0.0%  mlx_vlm/models/qwen3_5/gated_delta.py:394 gated_delta_update
   0.03 ms    0.0%  mlx_vlm/models/qwen3_5/language.py:1101 _causal_conv1d_decode
   0.03 ms    0.0%  mlx_vlm/models/qwen4_exp/language.py:446 __call__
   0.03 ms    0.0%  mlx_vlm/models/qwen3_5/language.py:1120 __call__
   0.03 ms    0.0%  mlx_vlm/models/qwen3_5/language.py:1196 __call__
   0.03 ms    0.0%  models/flashnext/patch_rmsnorm.py:103 _rms_norm
   0.03 ms    0.0%  mlx_vlm/models/qwen4_exp/language.py:271 _normalize_qk
   0.03 ms    0.0%  models/flashnext/qsa_chunk.py:84 _prepare_indexer
   0.03 ms    0.0%  mlx_vlm/models/qwen3_5/language.py:1151 __call__
   0.03 ms    0.0%  models/flashnext/expert_cache.py:190 _submit_read
   0.03 ms    0.0%  models/flashnext/compile_glue.py:53 _decoder_call
   0.03 ms    0.0%  mlx_vlm/models/qwen4_exp/language.py:445 __call__
-- inclusive --
 379.68 ms   99.7%  macqwen/backends/flashnext.py:717 generate
 373.82 ms   98.2%  mlx_vlm/models/qwen3_5/language.py:2072 __call__
 373.82 ms   98.2%  macqwen/backends/flashnext.py:706 standard_tokens
 373.17 ms   98.0%  mlx_vlm/models/qwen4_exp/language.py:819 __call__
 364.94 ms   95.8%  models/flashnext/compile_glue.py:54 _decoder_call
 242.55 ms   63.7%  models/flashnext/adaptive_topk.py:262 _moe_call
 220.22 ms   57.8%  models/flashnext/expert_cache.py:740 _keep_gpu_warm_until
 186.55 ms   49.0%  models/flashnext/expert_cache.py:1606 __call__
 186.25 ms   48.9%  models/flashnext/expert_cache.py:1688 _one_pass
 186.22 ms   48.9%  models/flashnext/expert_cache.py:746 _await_projection_tasks
 186.22 ms   48.9%  models/flashnext/expert_cache.py:1568 _read_weights
 186.22 ms   48.9%  models/flashnext/expert_cache.py:726 _keep_gpu_warm_until_done
 108.78 ms   28.6%  models/flashnext/adaptive_topk.py:98 _moe_call
  50.53 ms   13.3%  models/flashnext/expert_cache.py:1603 __call__
  50.45 ms   13.2%  models/flashnext/expert_cache.py:523 wait
  50.45 ms   13.2%  models/flashnext/expert_cache.py:1629 _packed_pass
  16.41 ms    4.3%  models/flashnext/expert_cache.py:679 _keepwarm_spin
  16.41 ms    4.3%  models/flashnext/expert_cache.py:739 _keep_gpu_warm_until
  13.75 ms    3.6%  models/flashnext/expert_cache.py:1588 __call__
   8.28 ms    2.2%  models/flashnext/adaptive_topk.py:248 _moe_call
   6.25 ms    1.6%  models/flashnext/ngram.py:136 _direct
   6.25 ms    1.6%  mlx_vlm/models/qwen4_exp/language.py:704 __call__
   6.25 ms    1.6%  mlx_vlm/models/qwen4_exp/language.py:641 __call__
   6.25 ms    1.6%  models/flashnext/ngram.py:187 __call__
   6.25 ms    1.6%  models/flashnext/compile_glue.py:46 _decoder_call
   6.16 ms    1.6%  models/flashnext/store.py:598 rows
   6.16 ms    1.6%  models/flashnext/store.py:436 _pread_into
   6.16 ms    1.6%  models/flashnext/store.py:310 rows_np
   6.16 ms    1.6%  models/flashnext/store.py:77 _profiled_pread
   5.86 ms    1.5%  macqwen/backends/flashnext.py:708 standard_tokens
wrote /Users/gioma/Developer/MACQWEN/results/flashnext/20260923-122756-host-sample/host-sample.json
