=== prefill io 1024
round 1 baseline           1007 tok   42.44 s   23.73 tok/s   50.66 GB  1.19 GB/s  peak 6.145 GB  digest 8ff98feeb81afdc1
round 1 ngram-parallel     1007 tok   42.08 s   23.93 tok/s   50.32 GB  1.20 GB/s  peak 6.151 GB  digest 8ff98feeb81afdc1
round 1 coalesce0-64       1007 tok   46.96 s   21.44 tok/s   50.59 GB  1.08 GB/s  peak 6.151 GB  digest 8ff98feeb81afdc1
round 2 coalesce0-64       1007 tok   47.23 s   21.32 tok/s   50.55 GB  1.07 GB/s  peak 6.151 GB  digest 8ff98feeb81afdc1
round 2 ngram-parallel     1007 tok   46.15 s   21.82 tok/s   50.65 GB  1.10 GB/s  peak 6.151 GB  digest 8ff98feeb81afdc1
round 2 baseline           1007 tok   48.23 s   20.88 tok/s   50.36 GB  1.04 GB/s  peak 6.151 GB  digest 8ff98feeb81afdc1
{
 "baseline": {
  "median_tok_s": 22.305,
  "arms": [
   23.73,
   20.88
  ]
 },
 "ngram-parallel": {
  "median_tok_s": 22.875,
  "arms": [
   23.93,
   21.82
  ]
 },
 "coalesce0-64": {
  "median_tok_s": 21.380000000000003,
  "arms": [
   21.44,
   21.32
  ]
 }
}
wrote /Users/gioma/Developer/MACQWEN/results/flashnext/20260922-224917-prefill-io-manual/prefill-io.json
exit=0
=== glue at P15 (inject only)
  system load average before: (3.9853515625, 5.80126953125, 5.86279296875)
  every median settled after 5 rounds

  baseline     gen median  1.63  range 1.62-1.64  sd 0.010  tail  1.65   340.2 MB/tok  n=4
    token digest (baseline): ceff6fd656310be6
  compiled     gen median  1.65  range 1.60-1.68  sd 0.032  tail  1.68   337.2 MB/tok  n=4
    token digest (compiled): ceff6fd656310be6
  system load average after: (8.1494140625, 7.32373046875, 6.55908203125)

  paired over 4 arms: mean +0.9 percent, median +1.1
  compiled improved in 3 of 4 non-tied pairs and regressed in 1; ties: 0
  two-sided sign test p = 0.625
  fewer bytes in 4 of 4 pairs
  The improvement versus regression direction is not statistically resolved at p = 0.625; collect more matched pairs.

  compiled vs baseline: +1.1% gen median
  paired mean effect +0.9% is inside the matched paired two-SE band of 1.6 percent, so this remains unresolved.

  wrote /Users/gioma/Developer/MACQWEN/results/flashnext/20260922-225410-bench-production-manual/production.json
exit=0
=== keepwarm at 8 pins, 7 arms
  system load average before: (8.21728515625, 7.35107421875, 6.5732421875)

  baseline     gen median  2.55  range 1.80-2.67  sd 0.390  tail  2.62   345.5 MB/tok  n=6
    token digest (baseline): ceff6fd656310be6
  keepwarm     gen median  2.32  range 1.55-3.10  sd 0.819  tail  2.37   341.7 MB/tok  n=6
    token digest (keepwarm): ceff6fd656310be6
  system load average after: (3.0556640625, 5.88916015625, 6.2333984375)

  paired over 6 arms: mean -3.3 percent, median +0.6
  keepwarm improved in 3 of 6 non-tied pairs and regressed in 3; ties: 0
  two-sided sign test p = 1.000
  fewer bytes in 2 of 6 pairs
  The improvement versus regression direction is not statistically resolved at p = 1.000; collect more matched pairs.

  keepwarm vs baseline: -8.9% gen median
  matched paired two-SE band is 19.0%, too wide for a small-effect decision (mean -3.3%).

  wrote /Users/gioma/Developer/MACQWEN/results/flashnext/20260922-225839-bench-production-manual/production.json
exit=0
=== BATCH DONE
