=== run 1: production
production    photosynthesis read  184.1 ms/token   283.8 MB/token (model 390.0)  misses/layer 7.89
production    sketchup       read  193.5 ms/token   304.1 MB/token (model 479.4)  misses/layer 7.72
production    open           read  204.0 ms/token   323.7 MB/token (model 479.9)  misses/layer 8.01
wrote /Users/gioma/Developer/MACQWEN/results/flashnext/20260923-133612-read-replay-native/run-1-production.json
=== run 2: native
production-native photosynthesis read  175.1 ms/token   273.8 MB/token (model 390.0)  misses/layer 7.89
production-native sketchup       read  189.8 ms/token   302.2 MB/token (model 479.4)  misses/layer 7.72
production-native open           read  200.7 ms/token   325.0 MB/token (model 479.9)  misses/layer 8.01
wrote /Users/gioma/Developer/MACQWEN/results/flashnext/20260923-133612-read-replay-native/run-2-native.json
=== run 3: native
production-native photosynthesis read  183.2 ms/token   283.4 MB/token (model 390.0)  misses/layer 7.89
production-native sketchup       read  192.6 ms/token   303.2 MB/token (model 479.4)  misses/layer 7.72
production-native open           read  204.0 ms/token   324.5 MB/token (model 479.9)  misses/layer 8.01
wrote /Users/gioma/Developer/MACQWEN/results/flashnext/20260923-133612-read-replay-native/run-3-native.json
=== run 4: production
production    photosynthesis read  187.0 ms/token   279.0 MB/token (model 390.0)  misses/layer 7.89
production    sketchup       read  197.6 ms/token   304.0 MB/token (model 479.4)  misses/layer 7.72
production    open           read  208.5 ms/token   323.3 MB/token (model 479.9)  misses/layer 8.01
wrote /Users/gioma/Developer/MACQWEN/results/flashnext/20260923-133612-read-replay-native/run-4-production.json
=== done
=== run 5: production gap 0
production    photosynthesis read  177.6 ms/token   283.7 MB/token (model 390.0)  misses/layer 7.89
production    sketchup       read  185.0 ms/token   301.5 MB/token (model 479.4)  misses/layer 7.72
production    open           read  198.1 ms/token   323.3 MB/token (model 479.9)  misses/layer 8.01
=== run 6: production gap 0
production    photosynthesis read  174.5 ms/token   280.7 MB/token (model 390.0)  misses/layer 7.89
production    sketchup       read  185.0 ms/token   303.5 MB/token (model 479.4)  misses/layer 7.72
production    open           read  197.5 ms/token   323.8 MB/token (model 479.9)  misses/layer 8.01
free GB before: 2.80163
=== run 7: pool6
pool-direct   photosynthesis read  164.3 ms/token   301.3 MB/token (model 390.0)  misses/layer 2.05
pool-direct   sketchup       read  179.4 ms/token   333.7 MB/token (model 479.4)  misses/layer 2.23
pool-direct   open           read  191.4 ms/token   355.2 MB/token (model 479.9)  misses/layer 2.36
=== run 8: pool5
pool-direct   photosynthesis read  177.0 ms/token   330.5 MB/token (model 390.0)  misses/layer 2.23
pool-direct   sketchup       read  198.2 ms/token   374.3 MB/token (model 479.4)  misses/layer 2.48
pool-direct   open           read  209.3 ms/token   392.3 MB/token (model 479.9)  misses/layer 2.59
=== run 9: pool5
pool-direct   photosynthesis read  178.1 ms/token   330.5 MB/token (model 390.0)  misses/layer 2.23
pool-direct   sketchup       read  200.1 ms/token   374.3 MB/token (model 479.4)  misses/layer 2.48
pool-direct   open           read  210.1 ms/token   392.3 MB/token (model 479.9)  misses/layer 2.59
=== run 10: pool6
pool-direct   photosynthesis read  160.4 ms/token   301.3 MB/token (model 390.0)  misses/layer 2.05
pool-direct   sketchup       read  180.1 ms/token   333.7 MB/token (model 479.4)  misses/layer 2.23
pool-direct   open           read  191.4 ms/token   355.2 MB/token (model 479.9)  misses/layer 2.36
=== run 11: production
production    photosynthesis read  187.1 ms/token   284.5 MB/token (model 390.0)  misses/layer 7.89
production    sketchup       read  194.7 ms/token   304.8 MB/token (model 479.4)  misses/layer 7.72
production    open           read  206.8 ms/token   324.8 MB/token (model 479.9)  misses/layer 8.01
